
> temp_app@0.1.0 build
> next build

Γû▓ Next.js 16.1.6 (Turbopack)

  Creating an optimized production build ...
node.exe : Turbopack 
build encountered 2 
warnings:
At C:\Program Files\nod
ejs\npm.ps1:29 char:3
+   & $NODE_EXE 
$NPM_CLI_JS $args
+   ~~~~~~~~~~~~~~~~~~~
~~~~~~~~~~
    + CategoryInfo     
         : NotSpecifi  
  ed: (Turbopack bui   
 ld encountered 2 w    
arnings::String) [    
], RemoteException
    + FullyQualifiedEr 
   rorId : NativeComm  
  andError
 
[next]/internal/font/go
ogle/inter_fe8b9d92.mod
ule.css
Error while requesting 
resource
There was an issue 
establishing a 
connection while 
requesting https://font
s.googleapis.com/css2?f
amily=Inter:wght@100..9
00&display=swap

Import trace:
  Server Component:
    [next]/internal/fon
t/google/inter_fe8b9d92
.module.css
    [next]/internal/fon
t/google/inter_fe8b9d92
.js
    
./src/app/layout.tsx


[next]/internal/font/go
ogle/playfair_display_f
a003182.module.css
Error while requesting 
resource
There was an issue 
establishing a 
connection while 
requesting https://font
s.googleapis.com/css2?f
amily=Playfair+Display:
wght@400..900&display=s
wap

Import trace:
  Server Component:
    [next]/internal/fon
t/google/playfair_displ
ay_fa003182.module.css
    [next]/internal/fon
t/google/playfair_displ
ay_fa003182.js
    
./src/app/layout.tsx



> Build error occurred
Error: Turbopack build 
failed with 8 errors:
./src/app/about/page.ts
x:9:14
Ecmascript file had an 
error
[0m [90m  7 |[39m 
[36mimport[39m { 
[33mMetadata[39m } 
[36mfrom[39m [32m"ne
xt"[39m[33m;[39m
 [90m  8 |[39m
[31m[1m>[22m[39m[9
0m  9 |[39m 
[36mexport[39m 
[36mconst[39m 
metadata[33m:[39m 
[33mMetadata[39m 
[33m=[39m {
 [90m    |[39m       
       [31m[1m^[22m
[39m[31m[1m^[22m[39
m[31m[1m^[22m[39m[
31m[1m^[22m[39m[31m
[1m^[22m[39m[31m[1
m^[22m[39m[31m[1m^
[22m[39m[31m[1m^[22
m[39m
 [90m 10 |[39m   
title[33m:[39m 
[32m"About | Our 
Legacy"[39m[33m,[39m
 [90m 11 |[39m   
description[33m:[39m 
[32m"Learn about Sri 
Thyagaraja Nadaswara 
Brundam, a 
Hyderabad-based 
traditional music 
group dedicated to 
preserving the sacred 
art of Nadaswaram and T
havil."[39m[33m,[39m
 [90m 12 |[39m 
}[33m;[39m[0m

You are attempting to 
export "metadata" from 
a component marked 
with "use client", 
which is disallowed. 
Either remove the 
export, or the "use 
client" directive. 
Read more: https://next
js.org/docs/app/api-ref
erence/directives/use-c
lient



Import traces:
  Client Component 
Browser:
    ./src/app/about/pag
e.tsx [Client 
Component Browser]
    ./src/app/about/pag
e.tsx [Server 
Component]

  Client Component SSR:
    ./src/app/about/pag
e.tsx [Client 
Component SSR]
    ./src/app/about/pag
e.tsx [Server 
Component]


./src/app/blog/page.tsx
:44:14
Ecmascript file had an 
error
[0m [90m 42 |[39m 
[36mimport[39m { 
[33mMetadata[39m } 
[36mfrom[39m [32m"ne
xt"[39m[33m;[39m
 [90m 43 |[39m
[31m[1m>[22m[39m[9
0m 44 |[39m 
[36mexport[39m 
[36mconst[39m 
metadata[33m:[39m 
[33mMetadata[39m 
[33m=[39m {
 [90m    |[39m       
       [31m[1m^[22m
[39m[31m[1m^[22m[39
m[31m[1m^[22m[39m[
31m[1m^[22m[39m[31m
[1m^[22m[39m[31m[1
m^[22m[39m[31m[1m^
[22m[39m[31m[1m^[22
m[39m
 [90m 45 |[39m   
title[33m:[39m 
[32m"Blog | Knowledge 
& Heritage"[39m[33m,
[39m
 [90m 46 |[39m   
description[33m:[39m 
[32m"Explore articles 
celebrating the rich 
tradition of 
Nadaswaram music, 
South Indian wedding 
heritage, and cultural 
stories."[39m[33m,[3
9m
 [90m 47 |[39m 
}[33m;[39m[0m

You are attempting to 
export "metadata" from 
a component marked 
with "use client", 
which is disallowed. 
Either remove the 
export, or the "use 
client" directive. 
Read more: https://next
js.org/docs/app/api-ref
erence/directives/use-c
lient



Import traces:
  Client Component 
Browser:
    ./src/app/blog/page
.tsx [Client Component 
Browser]
    ./src/app/blog/page
.tsx [Server Component]

  Client Component SSR:
    ./src/app/blog/page
.tsx [Client Component 
SSR]
    ./src/app/blog/page
.tsx [Server Component]


./src/app/contact/page.
tsx:9:14
Ecmascript file had an 
error
[0m [90m  7 |[39m 
[36mimport[39m { 
[33mMetadata[39m } 
[36mfrom[39m [32m"ne
xt"[39m[33m;[39m
 [90m  8 |[39m
[31m[1m>[22m[39m[9
0m  9 |[39m 
[36mexport[39m 
[36mconst[39m 
metadata[33m:[39m 
[33mMetadata[39m 
[33m=[39m {
 [90m    |[39m       
       [31m[1m^[22m
[39m[31m[1m^[22m[39
m[31m[1m^[22m[39m[
31m[1m^[22m[39m[31m
[1m^[22m[39m[31m[1
m^[22m[39m[31m[1m^
[22m[39m[31m[1m^[22
m[39m
 [90m 10 |[39m   
title[33m:[39m 
[32m"Contact | Book 
Sannai 
Melam"[39m[33m,[39m
 [90m 11 |[39m   
description[33m:[39m 
[32m"Get in touch to 
book authentic 
Nadaswaram and Thavil 
artists for your 
upcoming wedding, 
reception, or cultural 
event."[39m[33m,[39m
 [90m 12 |[39m 
}[33m;[39m[0m

You are attempting to 
export "metadata" from 
a component marked 
with "use client", 
which is disallowed. 
Either remove the 
export, or the "use 
client" directive. 
Read more: https://next
js.org/docs/app/api-ref
erence/directives/use-c
lient



Import traces:
  Client Component 
Browser:
    ./src/app/contact/p
age.tsx [Client 
Component Browser]
    ./src/app/contact/p
age.tsx [Server 
Component]

  Client Component SSR:
    ./src/app/contact/p
age.tsx [Client 
Component SSR]
    ./src/app/contact/p
age.tsx [Server 
Component]


./src/app/gallery/page.
tsx:9:14
Ecmascript file had an 
error
[0m [90m  7 |[39m 
[36mimport[39m { 
[33mMetadata[39m } 
[36mfrom[39m [32m"ne
xt"[39m[33m;[39m
 [90m  8 |[39m
[31m[1m>[22m[39m[9
0m  9 |[39m 
[36mexport[39m 
[36mconst[39m 
metadata[33m:[39m 
[33mMetadata[39m 
[33m=[39m {
 [90m    |[39m       
       [31m[1m^[22m
[39m[31m[1m^[22m[39
m[31m[1m^[22m[39m[
31m[1m^[22m[39m[31m
[1m^[22m[39m[31m[1
m^[22m[39m[31m[1m^
[22m[39m[31m[1m^[22
m[39m
 [90m 10 |[39m   
title[33m:[39m 
[32m"Gallery | 
Traditional Nadaswaram 
Performances"[39m[33m
,[39m
 [90m 11 |[39m   
description[33m:[39m 
[32m"View our gallery 
of authentic Sannai 
Melam performances at 
traditional South 
Indian weddings, 
temple festivals, and 
grand processions."[39
m[33m,[39m
 [90m 12 |[39m 
}[33m;[39m[0m

You are attempting to 
export "metadata" from 
a component marked 
with "use client", 
which is disallowed. 
Either remove the 
export, or the "use 
client" directive. 
Read more: https://next
js.org/docs/app/api-ref
erence/directives/use-c
lient



Import traces:
  Client Component 
Browser:
    ./src/app/gallery/p
age.tsx [Client 
Component Browser]
    ./src/app/gallery/p
age.tsx [Server 
Component]

  Client Component SSR:
    ./src/app/gallery/p
age.tsx [Client 
Component SSR]
    ./src/app/gallery/p
age.tsx [Server 
Component]


./src/app/services/page
.tsx:36:14
Ecmascript file had an 
error
[0m [90m 34 |[39m 
[36mimport[39m { 
[33mMetadata[39m } 
[36mfrom[39m [32m"ne
xt"[39m[33m;[39m
 [90m 35 |[39m
[31m[1m>[22m[39m[9
0m 36 |[39m 
[36mexport[39m 
[36mconst[39m 
metadata[33m:[39m 
[33mMetadata[39m 
[33m=[39m {
 [90m    |[39m       
       [31m[1m^[22m
[39m[31m[1m^[22m[39
m[31m[1m^[22m[39m[
31m[1m^[22m[39m[31m
[1m^[22m[39m[31m[1
m^[22m[39m[31m[1m^
[22m[39m[31m[1m^[22
m[39m
 [90m 37 |[39m   
title[33m:[39m 
[32m"Services | 
Wedding & Temple Perfor
mances"[39m[33m,[39m
 [90m 38 |[39m   
description[33m:[39m 
[32m"Explore our 
traditional Nadaswaram 
and Thavil performance 
packages for Telugu 
weddings, receptions, 
temple festivals, and 
cultural events."[39m
[33m,[39m
 [90m 39 |[39m 
}[33m;[39m[0m

You are attempting to 
export "metadata" from 
a component marked 
with "use client", 
which is disallowed. 
Either remove the 
export, or the "use 
client" directive. 
Read more: https://next
js.org/docs/app/api-ref
erence/directives/use-c
lient



Import traces:
  Client Component 
Browser:
    ./src/app/services/
page.tsx [Client 
Component Browser]
    ./src/app/services/
page.tsx [Server 
Component]

  Client Component SSR:
    ./src/app/services/
page.tsx [Client 
Component SSR]
    ./src/app/services/
page.tsx [Server 
Component]


./src/app/testimonials/
page.tsx:54:14
Ecmascript file had an 
error
[0m [90m 52 |[39m 
[36mimport[39m { 
[33mMetadata[39m } 
[36mfrom[39m [32m"ne
xt"[39m[33m;[39m
 [90m 53 |[39m
[31m[1m>[22m[39m[9
0m 54 |[39m 
[36mexport[39m 
[36mconst[39m 
metadata[33m:[39m 
[33mMetadata[39m 
[33m=[39m {
 [90m    |[39m       
       [31m[1m^[22m
[39m[31m[1m^[22m[39
m[31m[1m^[22m[39m[
31m[1m^[22m[39m[31m
[1m^[22m[39m[31m[1
m^[22m[39m[31m[1m^
[22m[39m[31m[1m^[22
m[39m
 [90m 55 |[39m   
title[33m:[39m 
[32m"Testimonials | 
Client Reviews"[39m[3
3m,[39m
 [90m 56 |[39m   
description[33m:[39m 
[32m"Read what our 
clients say about Sri 
Thyagaraja Nadaswara 
Brundam's traditional 
Telugu wedding and 
temple festival perform
ances."[39m[33m,[39m
 [90m 57 |[39m 
}[33m;[39m[0m

You are attempting to 
export "metadata" from 
a component marked 
with "use client", 
which is disallowed. 
Either remove the 
export, or the "use 
client" directive. 
Read more: https://next
js.org/docs/app/api-ref
erence/directives/use-c
lient



Import traces:
  Client Component 
Browser:
    ./src/app/testimoni
als/page.tsx [Client 
Component Browser]
    ./src/app/testimoni
als/page.tsx [Server 
Component]

  Client Component SSR:
    ./src/app/testimoni
als/page.tsx [Client 
Component SSR]
    ./src/app/testimoni
als/page.tsx [Server 
Component]


[next]/internal/font/go
ogle/inter_fe8b9d92.mod
ule.css
next/font: error:
Failed to fetch 
`Inter` from Google 
Fonts.

Import trace:
  Server Component:
    [next]/internal/fon
t/google/inter_fe8b9d92
.module.css
    [next]/internal/fon
t/google/inter_fe8b9d92
.js
    
./src/app/layout.tsx


[next]/internal/font/go
ogle/playfair_display_f
a003182.module.css
next/font: error:
Failed to fetch 
`Playfair Display` 
from Google Fonts.

Import trace:
  Server Component:
    [next]/internal/fon
t/google/playfair_displ
ay_fa003182.module.css
    [next]/internal/fon
t/google/playfair_displ
ay_fa003182.js
    
./src/app/layout.tsx


    at <unknown> (./src
/app/about/page.tsx:9:1
4)
    at <unknown> (./src
/app/blog/page.tsx:44:1
4)
    at <unknown> (./src
/app/contact/page.tsx:9
:14)
    at <unknown> (./src
/app/gallery/page.tsx:9
:14)
    at <unknown> (./src
/app/services/page.tsx:
36:14)
    at <unknown> (./src
/app/testimonials/page.
tsx:54:14)
